Retrieving project…
Deploying etchh1s-projects/catchup-platform
Uploading [--------------------] (0.0B/3.9MB)
Uploading [=====---------------] (1015.3KB/3.9MB)
Uploading [==========----------] (2.0MB/3.9MB)
Uploading [===============-----] (2.9MB/3.9MB)
Uploading [====================] (3.9MB/3.9MB)
  Inspect     https://vercel.com/etchh1s-projects/catchup-platform/FJbvNHXjgTzLHMqZ9EQBFtZFL2w7
▲ Production  https://catchup-platform-zu4jjo3ts-etchh1s-projects.vercel.app
https://catchup-platform-zu4jjo3ts-etchh1s-projects.vercel.appBuilding…
Building…
Running build in Washington, D.C., USA (East) – iad1
Build machine configuration: 2 cores, 8 GB
Retrieving list of deployment files...
Downloading 66 deployment files...
Restored build cache from previous deployment (2WTg6jRghMUgZ1CRLkzqN1wvFNQP)
Running "vercel build"
Vercel CLI 54.4.1
Installing dependencies...
up to date in 2s
267 packages are looking for funding
run `npm fund` for details
npm notice
npm notice New minor version of npm available! 11.12.1 -> 11.15.0
npm notice Changelog: https://github.com/npm/cli/releases/tag/v11.15.0
npm notice To update run: npm install -g npm@11.15.0
npm notice
Running "npm run build"
> catchup-platform@0.1.0 build
> CI=false react-scripts build
(node:111) [DEP0176] DeprecationWarning: fs.F_OK is deprecated, use fs.constants.F_OK instead
(Use `node --trace-deprecation ...` to show where the warning was created)
Creating an optimized production build...
Compiled with warnings.
[eslint]
src/App.js
Line 20:9:   'toast' is assigned a value but never used          no-unused-vars
Line 23:11:  'profile' is assigned a value but never used        no-unused-vars
Line 26:22:  'setActiveRoom' is assigned a value but never used  no-unused-vars
Line 28:46:  'dataLoading' is assigned a value but never used    no-unused-vars
src/components/AnalyticsLedger.jsx
Line 2:26:  'formatDate' is defined but never used  no-unused-vars
src/components/Marketplace.jsx
Line 7:3:    'fetchBidsForTask' is defined but never used      no-unused-vars
Line 10:33:  'getCategoryBadgeType' is defined but never used  no-unused-vars
Line 10:71:  'getInitials' is defined but never used           no-unused-vars
Line 10:84:  'getSpecialistColor' is defined but never used    no-unused-vars
src/hooks/useMarketplaceData.js
Line 34:6:  React Hook useEffect has a missing dependency: 'syncData'. Either include it or remove the dependency array  react-hooks/exhaustive-deps
Search for the keywords to learn more about each warning.
To ignore, add // eslint-disable-next-line to the line before.
File sizes after gzip:
179.73 kB (+515 B)  build/static/js/main.d548a36f.js
4.39 kB             build/static/css/main.5a0bc5db.css
1.76 kB             build/static/js/453.cb2a964b.chunk.js
The project was built assuming it is hosted at /.
You can control this with the homepage field in your package.json.
The build folder is ready to be deployed.
You may serve it with a static server:
npm install -g serve
serve -s build
Find out more about deployment here:
https://cra.link/deployment
Build Completed in /vercel/output [21s]
Deploying outputs...
[2K[1A[2K[G▲ Production  https://catchup-platform-zu4jjo3ts-etchh1s-projects.vercel.app
Completing…
▲ Aliased     https://catchup-platform.vercel.app

✓ Ready in 40s
